part 1 : add,commit ,branching


VIVEK@Maru MINGW64 ~/OneDrive/Languages_i_Completed/Git_from_udemy/Creating_a_Repository (master)
$ git add text.txt
fatal: pathspec 'text.txt' did not match any files

VIVEK@Maru MINGW64 ~/OneDrive/Languages_i_Completed/Git_from_udemy/Creating_a_Repository (master)
$ git add first_txt.txt

VIVEK@Maru MINGW64 ~/OneDrive/Languages_i_Completed/Git_from_udemy/Creating_a_Repository (master)
$ git status
On branch master

No commits yet

Changes to be committed:
  (use "git rm --cached <file>..." to unstage)
        new file:   first_txt.txt

Untracked files:
  (use "git add <file>..." to include in what will be committed)
        output_of_git_cmd.txt


VIVEK@Maru MINGW64 ~/OneDrive/Languages_i_Completed/Git_from_udemy/Creating_a_Repository (master)
$ git commit -m "inital commit"
[master (root-commit) 8efd352] inital commit
 1 file changed, 1 insertion(+)
 create mode 100644 first_txt.txt

VIVEK@Maru MINGW64 ~/OneDrive/Languages_i_Completed/Git_from_udemy/Creating_a_Repository (master)
$ git status
On branch master
Untracked files:
  (use "git add <file>..." to include in what will be committed)
        output_of_git_cmd.txt

nothing added to commit but untracked files present (use "git add" to track)

VIVEK@Maru MINGW64 ~/OneDrive/Languages_i_Completed/Git_from_udemy/Creating_a_Repository (master)
$ git branch test_first_branch_name

VIVEK@Maru MINGW64 ~/OneDrive/Languages_i_Completed/Git_from_udemy/Creating_a_Repository (master)
$ git branch
* master
  test_first_branch_name

VIVEK@Maru MINGW64 ~/OneDrive/Languages_i_Completed/Git_from_udemy/Creating_a_Repository (master)
$ git checkout test_first_branch_name
Switched to branch 'test_first_branch_name'

VIVEK@Maru MINGW64 ~/OneDrive/Languages_i_Completed/Git_from_udemy/Creating_a_Repository (test_first_branch_name)
$





part 2 : merge,	

VIVEK@Maru MINGW64 ~/OneDrive/Languages_i_Completed/Git_from_udemy/Creating_a_Repository (test_first_branch_name)
$ ^C

VIVEK@Maru MINGW64 ~/OneDrive/Languages_i_Completed/Git_from_udemy/Creating_a_Repository (test_first_branch_name)
$ git branch
  master
* test_first_branch_name

VIVEK@Maru MINGW64 ~/OneDrive/Languages_i_Completed/Git_from_udemy/Creating_a_Repository (test_first_branch_name)
$ git add
Nothing specified, nothing added.
hint: Maybe you wanted to say 'git add .'?
hint: Turn this message off by running
hint: "git config advice.addEmptyPathspec false"

VIVEK@Maru MINGW64 ~/OneDrive/Languages_i_Completed/Git_from_udemy/Creating_a_Repository (test_first_branch_name)
$ git add first_txt.txt

VIVEK@Maru MINGW64 ~/OneDrive/Languages_i_Completed/Git_from_udemy/Creating_a_Repository (test_first_branch_name)
$ git checkout master
Switched to branch 'master'
M       first_txt.txt

VIVEK@Maru MINGW64 ~/OneDrive/Languages_i_Completed/Git_from_udemy/Creating_a_Repository (master)
$ git add first_txt.txt

VIVEK@Maru MINGW64 ~/OneDrive/Languages_i_Completed/Git_from_udemy/Creating_a_Repository (master)
$ git checkout test_first_branch_name
Switched to branch 'test_first_branch_name'
M       first_txt.txt

VIVEK@Maru MINGW64 ~/OneDrive/Languages_i_Completed/Git_from_udemy/Creating_a_Repository (test_first_branch_name)
$ git checkout master
Switched to branch 'master'
M       first_txt.txt

VIVEK@Maru MINGW64 ~/OneDrive/Languages_i_Completed/Git_from_udemy/Creating_a_Repository (master)
$ git checkout test_first_branch_name
Switched to branch 'test_first_branch_name'
M       first_txt.txt

VIVEK@Maru MINGW64 ~/OneDrive/Languages_i_Completed/Git_from_udemy/Creating_a_Repository (test_first_branch_name)
$ git checkout test_first_branch_name
Already on 'test_first_branch_name'
M       first_txt.txt

VIVEK@Maru MINGW64 ~/OneDrive/Languages_i_Completed/Git_from_udemy/Creating_a_Repository (test_first_branch_name)
$ git add first_txt.txt

VIVEK@Maru MINGW64 ~/OneDrive/Languages_i_Completed/Git_from_udemy/Creating_a_Repository (test_first_branch_name)
$ git commit -m "messed everything"
[test_first_branch_name a14ffc0] messed everything
 1 file changed, 1 insertion(+), 1 deletion(-)

VIVEK@Maru MINGW64 ~/OneDrive/Languages_i_Completed/Git_from_udemy/Creating_a_Repository (test_first_branch_name)
$ git checkout master
Switched to branch 'master'

VIVEK@Maru MINGW64 ~/OneDrive/Languages_i_Completed/Git_from_udemy/Creating_a_Repository (master)
$ git branch
* master
  test_first_branch_name

VIVEK@Maru MINGW64 ~/OneDrive/Languages_i_Completed/Git_from_udemy/Creating_a_Repository (master)
$ git merge text_first_branch_name
merge: text_first_branch_name - not something we can merge

VIVEK@Maru MINGW64 ~/OneDrive/Languages_i_Completed/Git_from_udemy/Creating_a_Repository (master)
$ ^C

VIVEK@Maru MINGW64 ~/OneDrive/Languages_i_Completed/Git_from_udemy/Creating_a_Repository (master)
$


part 3 : delete 
default : git <branch name> -d
force delete :  git <brnach name> -D  // this will force delete it 


part 4 : add .   // adds all the files and changes no need to do it individually









<<<<<<< HEAD

part 5 : git log   // shows all the commits with commit message


VIVEK@Maru MINGW64 ~/OneDrive/Languages_i_Completed/Git_from_udemy/Creating_a_Repository (master)
$ git log
commit a4459c30a9bda0969d55c84166bddb5fdf5fb839 (HEAD -> master)
Author: vivekmaru36 <vivekmaru036@gmail.com>
Date:   Sat May 27 01:43:02 2023 +0530

    added fukker.txt with help of add .

commit a14ffc0146942addde088320db151d6b7c61ccd5
Author: vivekmaru36 <vivekmaru036@gmail.com>
Date:   Sat May 27 01:29:54 2023 +0530

    messed everything

commit 8efd35282bc1c7aef1f780faee493c185145abbc
Author: vivekmaru36 <vivekmaru036@gmail.com>
Date:   Sat May 27 01:20:32 2023 +0530

    inital commit

VIVEK@Maru MINGW64 ~/OneDrive/Languages_i_Completed/Git_from_udemy/Creating_a_Repository (master)
$


part 6 :  


VIVEK@Maru MINGW64 ~
$ cd /c/Users/VIVEK/OneDrive/Languages_i_Completed/Git_from_udemy/Creating_a_Repository

VIVEK@Maru MINGW64 ~/OneDrive/Languages_i_Completed/Git_from_udemy/Creating_a_Repository (master)
















Part 7 : git revert <commit_id>   // you get commit id from "git log"



VIVEK@Maru MINGW64 ~/OneDrive/Languages_i_Completed/Git_from_udemy/Creating_a_Repository (master)
$ git revert 8b0ac674a4df2ef97c705a9810aa09afb52134cb
error: Your local changes to the following files would be overwritten by merge:
        output_of_git_cmd.txt
Please commit your changes or stash them before you merge.
Aborting
fatal: revert failed




  





part 8 : .gitignore // helps in hiding files and folders you dont want to get them accessced by public 

just create a file named .gitignore in the woking directory
inside .gitignore file type code as :
/<foldernametohide>   
<filenametohide>

remember : 
// its folders and files above both line are individiual entity they can even work even if they are not in the same directory



bash output for part 8 :









=======
>>>>>>> parent of 8b0ac67 (commit to revert it back)
